16:27:33 **** Incremental Build of configuration Debug for project SW_A53_0 ****
make all 
'Building file: ../src/helloworld.c'
'Invoking: ARM v8 gcc compiler'
aarch64-none-elf-gcc -Wall -O0 -g3 -c -fmessage-length=0 -MT"src/helloworld.o" -IC:/TE0820/vitis/TE0820-03-02AI21FA/export/TE0820-03-02AI21FA/sw/TE0820-03-02AI21FA/standalone_domain/bspinclude/include -MMD -MP -MF"src/helloworld.d" -MT"src/helloworld.o" -o "src/helloworld.o" "../src/helloworld.c"
../src/helloworld.c: In function 'main':
../src/helloworld.c:88:5: warning: implicit declaration of function 'sleep'; did you mean 'strsep'? [-Wimplicit-function-declaration]
     sleep(10);
     ^~~~~
     strsep
../src/helloworld.c:103:6: warning: implicit declaration of function 'usleep'; did you mean 'fseek'? [-Wimplicit-function-declaration]
      usleep(4000);
      ^~~~~~
      fseek
../src/helloworld.c:86:8: warning: unused variable 'RecvBuffer' [-Wunused-variable]
     u8 RecvBuffer[30];
        ^~~~~~~~~~
../src/helloworld.c:85:8: warning: unused variable 'SendBuffer' [-Wunused-variable]
     u8 SendBuffer[30];
        ^~~~~~~~~~
../src/helloworld.c:84:9: warning: unused variable 'Status' [-Wunused-variable]
     s32 Status;
         ^~~~~~
'Finished building: ../src/helloworld.c'
' '
'Building target: SW_A53_0.elf'
'Invoking: ARM v8 gcc linker'
aarch64-none-elf-gcc -Wl,-T -Wl,../src/lscript.ld -LC:/TE0820/vitis/TE0820-03-02AI21FA/export/TE0820-03-02AI21FA/sw/TE0820-03-02AI21FA/standalone_domain/bsplib/lib -o "SW_A53_0.elf"  ./src/helloworld.o ./src/platform.o   -Wl,--start-group,-lxil,-lgcc,-lc,--end-group
'Finished building target: SW_A53_0.elf'
' '
'Invoking: ARM v8 Print Size'
aarch64-none-elf-size SW_A53_0.elf  |tee "SW_A53_0.elf.size"
   text	   data	    bss	    dec	    hex	filename
  47036	   2512	  20904	  70452	  11334	SW_A53_0.elf
'Finished building: SW_A53_0.elf.size'
' '

16:27:34 Build Finished (took 664ms)

