12:15:15 **** Build of configuration Debug for project SW_MB_0 ****
make all 
'Building file: ../src/helloworld.c'
'Invoking: MicroBlaze gcc compiler'
mb-gcc -Wall -O0 -g3 -c -fmessage-length=0 -MT"src/helloworld.o" -IC:/TE0820/vitis/TE0820-03-02AI21FA/export/TE0820-03-02AI21FA/sw/TE0820-03-02AI21FA/standalone_on_microblaze_0/bspinclude/include -mno-xl-reorder -mlittle-endian -mxl-barrel-shift -mxl-pattern-compare -mcpu=v11.0 -mno-xl-soft-mul -Wl,--no-relax -ffunction-sections -fdata-sections -MMD -MP -MF"src/helloworld.d" -MT"src/helloworld.o" -o "src/helloworld.o" "../src/helloworld.c"
../src/helloworld.c: In function 'main':
../src/helloworld.c:61:9: warning: implicit declaration of function 'sleep'; did you mean 'strsep'? [-Wimplicit-function-declaration]
         sleep(5);
         ^~~~~
         strsep
'Finished building: ../src/helloworld.c'
' '
'Building file: ../src/platform.c'
'Invoking: MicroBlaze gcc compiler'
mb-gcc -Wall -O0 -g3 -c -fmessage-length=0 -MT"src/platform.o" -IC:/TE0820/vitis/TE0820-03-02AI21FA/export/TE0820-03-02AI21FA/sw/TE0820-03-02AI21FA/standalone_on_microblaze_0/bspinclude/include -mno-xl-reorder -mlittle-endian -mxl-barrel-shift -mxl-pattern-compare -mcpu=v11.0 -mno-xl-soft-mul -Wl,--no-relax -ffunction-sections -fdata-sections -MMD -MP -MF"src/platform.d" -MT"src/platform.o" -o "src/platform.o" "../src/platform.c"
'Finished building: ../src/platform.c'
' '
'Building target: SW_MB_0.elf'
'Invoking: MicroBlaze gcc linker'
mb-gcc -Wl,-T -Wl,../src/lscript.ld -LC:/TE0820/vitis/TE0820-03-02AI21FA/export/TE0820-03-02AI21FA/sw/TE0820-03-02AI21FA/standalone_on_microblaze_0/bsplib/lib -mlittle-endian -mxl-barrel-shift -mxl-pattern-compare -mcpu=v11.0 -mno-xl-soft-mul -Wl,--no-relax -Wl,--gc-sections -o "SW_MB_0.elf"  ./src/helloworld.o ./src/platform.o   -Wl,--start-group,-lxil,-lgcc,-lc,--end-group
'Finished building target: SW_MB_0.elf'
' '
'Invoking: MicroBlaze Print Size'
mb-size SW_MB_0.elf  |tee "SW_MB_0.elf.size"
   text	   data	    bss	    dec	    hex	filename
   2424	    320	   3104	   5848	   16d8	SW_MB_0.elf
'Finished building: SW_MB_0.elf.size'
' '

12:15:15 Build Finished (took 962ms)

