15:33:06 **** Build of configuration Debug for project SW_A53 ****
make all 
Building file: ../src/helloworld.c
Invoking: ARM v8 gcc compiler
aarch64-none-elf-gcc -Wall -O0 -g3 -c -fmessage-length=0 -MT"src/helloworld.o" -I/home/vagrant/git/airliner/config/squeaky_weasel/target/hw/TE0820-03-2AI21FA/vitis/zusys_wrapper/export/zusys_wrapper/sw/zusys_wrapper/standalone_domain/bspinclude/include -MMD -MP -MF"src/helloworld.d" -MT"src/helloworld.o" -o "src/helloworld.o" "../src/helloworld.c"
Finished building: ../src/helloworld.c
 
Building file: ../src/platform.c
Invoking: ARM v8 gcc compiler
aarch64-none-elf-gcc -Wall -O0 -g3 -c -fmessage-length=0 -MT"src/platform.o" -I/home/vagrant/git/airliner/config/squeaky_weasel/target/hw/TE0820-03-2AI21FA/vitis/zusys_wrapper/export/zusys_wrapper/sw/zusys_wrapper/standalone_domain/bspinclude/include -MMD -MP -MF"src/platform.d" -MT"src/platform.o" -o "src/platform.o" "../src/platform.c"
Finished building: ../src/platform.c
 
Building target: SW_A53.elf
Invoking: ARM v8 gcc linker
aarch64-none-elf-gcc -Wl,-T -Wl,../src/lscript.ld -L/home/vagrant/git/airliner/config/squeaky_weasel/target/hw/TE0820-03-2AI21FA/vitis/zusys_wrapper/export/zusys_wrapper/sw/zusys_wrapper/standalone_domain/bsplib/lib -o "SW_A53.elf"  ./src/helloworld.o ./src/platform.o   -Wl,--start-group,-lxil,-lgcc,-lc,--end-group
Finished building target: SW_A53.elf
 
Invoking: ARM v8 Print Size
aarch64-none-elf-size SW_A53.elf  |tee "SW_A53.elf.size"
   text	   data	    bss	    dec	    hex	filename
  30308	   2048	  20616	  52972	   ceec	SW_A53.elf
Finished building: SW_A53.elf.size
 

15:33:06 Build Finished (took 701ms)

