18:05:12 **** Auto Build of configuration Debug for project freertos10_r5_0_bsp_xilffs_polled_example_1 ****
make all 
Building file: ../src/xilffs_polled_example.c
Invoking: ARM R5 gcc compiler
armr5-none-eabi-gcc -DARMR5 -Wall -O0 -g3 -c -fmessage-length=0 -MT"src/xilffs_polled_example.o" -mcpu=cortex-r5 -I../../freertos10_r5_0_bsp/psu_cortexr5_0/include -MMD -MP -MF"src/xilffs_polled_example.d" -MT"src/xilffs_polled_example.o" -o "src/xilffs_polled_example.o" "../src/xilffs_polled_example.c"
Finished building: ../src/xilffs_polled_example.c
 
Building target: freertos10_r5_0_bsp_xilffs_polled_example_1.elf
Invoking: ARM R5 gcc linker
armr5-none-eabi-gcc -Wl,-T -Wl,../src/lscript.ld -L../../freertos10_r5_0_bsp/psu_cortexr5_0/lib -o "freertos10_r5_0_bsp_xilffs_polled_example_1.elf"  ./src/xilffs_polled_example.o   -Wl,--start-group,-lxil,-lfreertos,-lgcc,-lc,--end-group -Wl,--start-group,-lxil,-lmetal,-lgcc,-lc,--end-group -Wl,--start-group,-lxil,-lmetal,-lopen_amp,-lgcc,-lc,--end-group -Wl,--start-group,-lxilffs,-lxil,-lgcc,-lc,--end-group -lxilflash -Wl,--start-group,-lxilfpga,-lxil,-lxilsecure,-lgcc,-lc,--end-group -Wl,--start-group,-lxilpm,-lxil,-lgcc,-lc,--end-group -Wl,--start-group,-lxilsecure,-lxil,-lgcc,-lc,--end-group -Wl,--start-group,-lxilskey,-lxil,-lgcc,-lc,--end-group
Finished building target: freertos10_r5_0_bsp_xilffs_polled_example_1.elf
 
Invoking: ARM R5 Print Size
armr5-none-eabi-size freertos10_r5_0_bsp_xilffs_polled_example_1.elf  |tee "freertos10_r5_0_bsp_xilffs_polled_example_1.elf.size"
   text	   data	    bss	    dec	    hex	filename
 149136	   4304	21996784	22150224	151fc50	freertos10_r5_0_bsp_xilffs_polled_example_1.elf
Finished building: freertos10_r5_0_bsp_xilffs_polled_example_1.elf.size
 

18:05:13 Build Finished (took 467ms)

